<html>
<body>
<pre>
<h1>礦ision Build Log</h1>
<h2>Tool Versions:</h2>
IDE-Version: μVision V5.20.0.0
Copyright (C) 2016 ARM Ltd and ARM Germany GmbH. All rights reserved.
License Information: Kaixian Qu, tj, LIC=58545-GNGBH-2LLCT-RGV6V-K7DG4-CZRSW
 
Tool Versions:
Toolchain:       MDK-ARM Plus  Version: 5.20
Toolchain Path:  D:\Program Files\Keil_v5\ARM\ARMCC\Bin
C Compiler:      Armcc.exe V5.06 update 2 (build 183)
Assembler:       Armasm.exe V5.06 update 2 (build 183)
Linker/Locator:  ArmLink.exe V5.06 update 2 (build 183)
Library Manager: ArmAr.exe V5.06 update 2 (build 183)
Hex Converter:   FromElf.exe V5.06 update 2 (build 183)
CPU DLL:         SARMCM3.DLL V5.20
Dialog DLL:      DARMSTM.DLL V1.66.0.0
Target DLL:      Segger\JL2CM3.dll V2.99.20.0
Dialog DLL:      TARMSTM.DLL V1.65.0.0
 
<h2>Project:</h2>
C:\Users\qkx515\Desktop\自制板版\Project\RVMDK（uv5）\Template.uvprojx
Project File Date:  08/02/2017

<h2>Output:</h2>
*** Using Compiler 'V5.06 update 2 (build 183)', folder: 'D:\Program Files\Keil_v5\ARM\ARMCC\Bin'
Build target 'Target 1'
compiling usart1.c...
linking...
Program Size: Code=7268 RO-data=336 RW-data=128 ZI-data=1224  
FromELF: creating hex file...
"..\..\Output\Template.axf" - 0 Error(s), 0 Warning(s).

<h2>Collection of Component include folders:</h2>
  C:\Users\qkx515\Desktop\自制板版\Project\RVMDK（uv5）\RTE
  D:\Program Files\Keil_v5\ARM\PACK\Keil\STM32F1xx_DFP\2.1.0\Device\Include

<h2>Collection of Component Files used:</h2>
Build Time Elapsed:  00:00:01
</pre>
</body>
</html>
